#-----------------------------------------------------------
# Vivado v2018.3 (64-bit)
# SW Build 2405991 on Thu Dec  6 23:36:41 MST 2018
# IP Build 2404404 on Fri Dec  7 01:43:56 MST 2018
# Start of session at: Wed Oct 21 06:36:35 2020
# Process ID: 3403
# Current directory: /home/ukallakuri/hardware_design/designs/uart
# Command line: vivado
# Log file: /home/ukallakuri/hardware_design/designs/uart/vivado.log
# Journal file: /home/ukallakuri/hardware_design/designs/uart/vivado.jou
#-----------------------------------------------------------
start_gui
open_project /home/ukallakuri/hardware_design/designs/uart/UART_behavioural/UART_behavioural.xpr
launch_simulation
launch_simulation
launch_simulation
source uart_top_tb.tcl
run all
relaunch_sim
close_sim
launch_simulation
launch_simulation
source uart_top_tb.tcl
run all
relaunch_sim
run all
relaunch_sim
run all
relaunch_sim
run all
relaunch_sim
run all
relaunch_sim
run all
relaunch_sim
run all
relaunch_sim
run all
relaunch_sim
run all
run all
relaunch_sim
run all
relaunch_sim
run all
close_sim
# Disabling source management mode.  This is to allow the top design properties to be set without GUI intervention.
set_property source_mgmt_mode None [current_project]
set_property top uart_top [current_fileset]
# Re-enabling previously disabled source management mode.
set_property source_mgmt_mode DisplayOnly [current_project]
export_ip_user_files -of_objects  [get_files /home/ukallakuri/hardware_design/designs/uart/Manch_e_d/Manchester_dec_with_rx/Rx_Enable.v] -no_script -reset -force -quiet
remove_files  /home/ukallakuri/hardware_design/designs/uart/Manch_e_d/Manchester_dec_with_rx/Rx_Enable.v
export_ip_user_files -of_objects  [get_files /home/ukallakuri/hardware_design/designs/uart/UART_behavioural/UART_behavioural.srcs/sources_1/new/ram_manchDec_rx.v] -no_script -reset -force -quiet
export_ip_user_files -of_objects  [get_files /home/ukallakuri/hardware_design/designs/uart/UART_behavioural/UART_behavioural.srcs/sources_1/new/ram_manchEnc_tx.v] -no_script -reset -force -quiet
remove_files  {/home/ukallakuri/hardware_design/designs/uart/UART_behavioural/UART_behavioural.srcs/sources_1/new/ram_manchDec_rx.v /home/ukallakuri/hardware_design/designs/uart/UART_behavioural/UART_behavioural.srcs/sources_1/new/ram_manchEnc_tx.v}
export_ip_user_files -of_objects  [get_files /home/ukallakuri/hardware_design/designs/uart/Manch_e_d/Manchester_enc/Manch_Enc_clk2_clk1.v] -no_script -reset -force -quiet
remove_files  /home/ukallakuri/hardware_design/designs/uart/Manch_e_d/Manchester_enc/Manch_Enc_clk2_clk1.v
export_ip_user_files -of_objects  [get_files /home/ukallakuri/hardware_design/designs/uart/Manch_e_d/Manchester_dec_with_rx/Manch_decoder.v] -no_script -reset -force -quiet
remove_files  /home/ukallakuri/hardware_design/designs/uart/Manch_e_d/Manchester_dec_with_rx/Manch_decoder.v
launch_simulation
launch_simulation
source uart_top_tb.tcl
run all
relaunch_sim
run all
relaunch_sim
run all
relaunch_sim
run all
relaunch_sim
run all
relaunch_sim
run all
relaunch_sim
run all
relaunch_sim
run all
relaunch_sim
run all
close_sim
launch_simulation
source uart_top_tb.tcl
close_sim
launch_simulation
source uart_top_tb.tcl
run all
relaunch_sim
run all
relaunch_sim
run all
relaunch_sim
run all
relaunch_sim
run all
run all
close_sim
reset_run synth_1
launch_runs synth_1 -jobs 2
wait_on_run synth_1
reset_run synth_1
launch_runs synth_1 -jobs 2
wait_on_run synth_1
reset_run synth_1
launch_runs synth_1 -jobs 2
wait_on_run synth_1
